
> Configure project :
Fabric Loom: 1.17.12

> Task :compileJava UP-TO-DATE
> Task :processResources UP-TO-DATE
> Task :classes UP-TO-DATE

> Task :compileClientJava
Note: C:\Users\tiago\minecraft-fabric-mod\src\client\java\com\tiagocruz\ascendant\client\AscendantClient.java uses or overrides a deprecated API.
Note: Recompile with -Xlint:deprecation for details.

> Task :processClientResources
> Task :jar
> Task :processIncludeJars
> Task :sourcesJar
> Task :clientClasses
> Task :compileTestJava NO-SOURCE
> Task :processTestResources NO-SOURCE
> Task :testClasses UP-TO-DATE
> Task :test NO-SOURCE
> Task :validateAccessWidener NO-SOURCE
> Task :check UP-TO-DATE
> Task :remapSourcesJar
> Task :remapJar
> Task :assemble
> Task :build

[Incubating] Problems report is available at: file:///C:/Users/tiago/minecraft-fabric-mod/build/reports/problems/problems-report.html

BUILD SUCCESSFUL in 7s
9 actionable tasks: 7 executed, 2 up-to-date
Codigo de saida: 0 
